// Jest Snapshot v1, https://goo.gl/fbAQLP

exports[`Loader matches its snapshots: notVisible 1`] = `
ShallowWrapper {
  Symbol(enzyme.__root__): [Circular],
  Symbol(enzyme.__unrendered__): <Loader
    isFetching={false}
  />,
  Symbol(enzyme.__renderer__): Object {
    "batchedUpdates": [Function],
    "getNode": [Function],
    "render": [Function],
    "simulateEvent": [Function],
    "unmount": [Function],
  },
  Symbol(enzyme.__node__): Object {
    "instance": null,
    "key": undefined,
    "nodeType": "host",
    "props": Object {
      "children": <JSXStyle
        css="@-webkit-keyframes rotate-jsx-4062756133{from{-webkit-transform:rotate(0);-ms-transform:rotate(0);transform:rotate(0);}to{-webkit-transform:rotate(359.99deg);-ms-transform:rotate(359.99deg);transform:rotate(359.99deg);}}@keyframes rotate-jsx-4062756133{from{-webkit-transform:rotate(0);-ms-transform:rotate(0);transform:rotate(0);}to{-webkit-transform:rotate(359.99deg);-ms-transform:rotate(359.99deg);transform:rotate(359.99deg);}}.Loader.jsx-4062756133{position:absolute;top:1em;right:1em;opacity:0;display:block;width:2.5em;height:2.5em;box-sizing:border-box;border-radius:50%;border-width:3px;border-style:solid;border-color:#444 transparent #444 transparent;-webkit-animation:rotate-jsx-4062756133 0.5s linear infinite;animation:rotate-jsx-4062756133 0.5s linear infinite;-webkit-transition:opacity 0.2s;transition:opacity 0.2s;}.loading.jsx-4062756133{opacity:1;mix-blend-mode:color-burn;}"
        styleId="4062756133"
      />,
      "className": "jsx-4062756133 Loader",
    },
    "ref": null,
    "rendered": Object {
      "instance": null,
      "key": undefined,
      "nodeType": "class",
      "props": Object {
        "css": "@-webkit-keyframes rotate-jsx-4062756133{from{-webkit-transform:rotate(0);-ms-transform:rotate(0);transform:rotate(0);}to{-webkit-transform:rotate(359.99deg);-ms-transform:rotate(359.99deg);transform:rotate(359.99deg);}}@keyframes rotate-jsx-4062756133{from{-webkit-transform:rotate(0);-ms-transform:rotate(0);transform:rotate(0);}to{-webkit-transform:rotate(359.99deg);-ms-transform:rotate(359.99deg);transform:rotate(359.99deg);}}.Loader.jsx-4062756133{position:absolute;top:1em;right:1em;opacity:0;display:block;width:2.5em;height:2.5em;box-sizing:border-box;border-radius:50%;border-width:3px;border-style:solid;border-color:#444 transparent #444 transparent;-webkit-animation:rotate-jsx-4062756133 0.5s linear infinite;animation:rotate-jsx-4062756133 0.5s linear infinite;-webkit-transition:opacity 0.2s;transition:opacity 0.2s;}.loading.jsx-4062756133{opacity:1;mix-blend-mode:color-burn;}",
        "styleId": "4062756133",
      },
      "ref": null,
      "rendered": null,
      "type": [Function],
    },
    "type": "div",
  },
  Symbol(enzyme.__nodes__): Array [
    Object {
      "instance": null,
      "key": undefined,
      "nodeType": "host",
      "props": Object {
        "children": <JSXStyle
          css="@-webkit-keyframes rotate-jsx-4062756133{from{-webkit-transform:rotate(0);-ms-transform:rotate(0);transform:rotate(0);}to{-webkit-transform:rotate(359.99deg);-ms-transform:rotate(359.99deg);transform:rotate(359.99deg);}}@keyframes rotate-jsx-4062756133{from{-webkit-transform:rotate(0);-ms-transform:rotate(0);transform:rotate(0);}to{-webkit-transform:rotate(359.99deg);-ms-transform:rotate(359.99deg);transform:rotate(359.99deg);}}.Loader.jsx-4062756133{position:absolute;top:1em;right:1em;opacity:0;display:block;width:2.5em;height:2.5em;box-sizing:border-box;border-radius:50%;border-width:3px;border-style:solid;border-color:#444 transparent #444 transparent;-webkit-animation:rotate-jsx-4062756133 0.5s linear infinite;animation:rotate-jsx-4062756133 0.5s linear infinite;-webkit-transition:opacity 0.2s;transition:opacity 0.2s;}.loading.jsx-4062756133{opacity:1;mix-blend-mode:color-burn;}"
          styleId="4062756133"
        />,
        "className": "jsx-4062756133 Loader",
      },
      "ref": null,
      "rendered": Object {
        "instance": null,
        "key": undefined,
        "nodeType": "class",
        "props": Object {
          "css": "@-webkit-keyframes rotate-jsx-4062756133{from{-webkit-transform:rotate(0);-ms-transform:rotate(0);transform:rotate(0);}to{-webkit-transform:rotate(359.99deg);-ms-transform:rotate(359.99deg);transform:rotate(359.99deg);}}@keyframes rotate-jsx-4062756133{from{-webkit-transform:rotate(0);-ms-transform:rotate(0);transform:rotate(0);}to{-webkit-transform:rotate(359.99deg);-ms-transform:rotate(359.99deg);transform:rotate(359.99deg);}}.Loader.jsx-4062756133{position:absolute;top:1em;right:1em;opacity:0;display:block;width:2.5em;height:2.5em;box-sizing:border-box;border-radius:50%;border-width:3px;border-style:solid;border-color:#444 transparent #444 transparent;-webkit-animation:rotate-jsx-4062756133 0.5s linear infinite;animation:rotate-jsx-4062756133 0.5s linear infinite;-webkit-transition:opacity 0.2s;transition:opacity 0.2s;}.loading.jsx-4062756133{opacity:1;mix-blend-mode:color-burn;}",
          "styleId": "4062756133",
        },
        "ref": null,
        "rendered": null,
        "type": [Function],
      },
      "type": "div",
    },
  ],
  Symbol(enzyme.__options__): Object {
    "adapter": ReactSixteenAdapter {
      "options": Object {
        "enableComponentDidUpdateOnSetState": true,
        "lifecycles": Object {
          "componentDidUpdate": Object {
            "onSetState": true,
          },
          "getDerivedStateFromProps": true,
          "getSnapshotBeforeUpdate": true,
          "setState": Object {
            "skipsComponentDidUpdateOnNullish": true,
          },
        },
      },
    },
    "attachTo": undefined,
    "hydrateIn": undefined,
  },
}
`;

exports[`Loader matches its snapshots: visible 1`] = `
ShallowWrapper {
  Symbol(enzyme.__root__): [Circular],
  Symbol(enzyme.__unrendered__): <Loader
    isFetching={true}
  />,
  Symbol(enzyme.__renderer__): Object {
    "batchedUpdates": [Function],
    "getNode": [Function],
    "render": [Function],
    "simulateEvent": [Function],
    "unmount": [Function],
  },
  Symbol(enzyme.__node__): Object {
    "instance": null,
    "key": undefined,
    "nodeType": "host",
    "props": Object {
      "children": <JSXStyle
        css="@-webkit-keyframes rotate-jsx-4062756133{from{-webkit-transform:rotate(0);-ms-transform:rotate(0);transform:rotate(0);}to{-webkit-transform:rotate(359.99deg);-ms-transform:rotate(359.99deg);transform:rotate(359.99deg);}}@keyframes rotate-jsx-4062756133{from{-webkit-transform:rotate(0);-ms-transform:rotate(0);transform:rotate(0);}to{-webkit-transform:rotate(359.99deg);-ms-transform:rotate(359.99deg);transform:rotate(359.99deg);}}.Loader.jsx-4062756133{position:absolute;top:1em;right:1em;opacity:0;display:block;width:2.5em;height:2.5em;box-sizing:border-box;border-radius:50%;border-width:3px;border-style:solid;border-color:#444 transparent #444 transparent;-webkit-animation:rotate-jsx-4062756133 0.5s linear infinite;animation:rotate-jsx-4062756133 0.5s linear infinite;-webkit-transition:opacity 0.2s;transition:opacity 0.2s;}.loading.jsx-4062756133{opacity:1;mix-blend-mode:color-burn;}"
        styleId="4062756133"
      />,
      "className": "jsx-4062756133 Loader loading",
    },
    "ref": null,
    "rendered": Object {
      "instance": null,
      "key": undefined,
      "nodeType": "class",
      "props": Object {
        "css": "@-webkit-keyframes rotate-jsx-4062756133{from{-webkit-transform:rotate(0);-ms-transform:rotate(0);transform:rotate(0);}to{-webkit-transform:rotate(359.99deg);-ms-transform:rotate(359.99deg);transform:rotate(359.99deg);}}@keyframes rotate-jsx-4062756133{from{-webkit-transform:rotate(0);-ms-transform:rotate(0);transform:rotate(0);}to{-webkit-transform:rotate(359.99deg);-ms-transform:rotate(359.99deg);transform:rotate(359.99deg);}}.Loader.jsx-4062756133{position:absolute;top:1em;right:1em;opacity:0;display:block;width:2.5em;height:2.5em;box-sizing:border-box;border-radius:50%;border-width:3px;border-style:solid;border-color:#444 transparent #444 transparent;-webkit-animation:rotate-jsx-4062756133 0.5s linear infinite;animation:rotate-jsx-4062756133 0.5s linear infinite;-webkit-transition:opacity 0.2s;transition:opacity 0.2s;}.loading.jsx-4062756133{opacity:1;mix-blend-mode:color-burn;}",
        "styleId": "4062756133",
      },
      "ref": null,
      "rendered": null,
      "type": [Function],
    },
    "type": "div",
  },
  Symbol(enzyme.__nodes__): Array [
    Object {
      "instance": null,
      "key": undefined,
      "nodeType": "host",
      "props": Object {
        "children": <JSXStyle
          css="@-webkit-keyframes rotate-jsx-4062756133{from{-webkit-transform:rotate(0);-ms-transform:rotate(0);transform:rotate(0);}to{-webkit-transform:rotate(359.99deg);-ms-transform:rotate(359.99deg);transform:rotate(359.99deg);}}@keyframes rotate-jsx-4062756133{from{-webkit-transform:rotate(0);-ms-transform:rotate(0);transform:rotate(0);}to{-webkit-transform:rotate(359.99deg);-ms-transform:rotate(359.99deg);transform:rotate(359.99deg);}}.Loader.jsx-4062756133{position:absolute;top:1em;right:1em;opacity:0;display:block;width:2.5em;height:2.5em;box-sizing:border-box;border-radius:50%;border-width:3px;border-style:solid;border-color:#444 transparent #444 transparent;-webkit-animation:rotate-jsx-4062756133 0.5s linear infinite;animation:rotate-jsx-4062756133 0.5s linear infinite;-webkit-transition:opacity 0.2s;transition:opacity 0.2s;}.loading.jsx-4062756133{opacity:1;mix-blend-mode:color-burn;}"
          styleId="4062756133"
        />,
        "className": "jsx-4062756133 Loader loading",
      },
      "ref": null,
      "rendered": Object {
        "instance": null,
        "key": undefined,
        "nodeType": "class",
        "props": Object {
          "css": "@-webkit-keyframes rotate-jsx-4062756133{from{-webkit-transform:rotate(0);-ms-transform:rotate(0);transform:rotate(0);}to{-webkit-transform:rotate(359.99deg);-ms-transform:rotate(359.99deg);transform:rotate(359.99deg);}}@keyframes rotate-jsx-4062756133{from{-webkit-transform:rotate(0);-ms-transform:rotate(0);transform:rotate(0);}to{-webkit-transform:rotate(359.99deg);-ms-transform:rotate(359.99deg);transform:rotate(359.99deg);}}.Loader.jsx-4062756133{position:absolute;top:1em;right:1em;opacity:0;display:block;width:2.5em;height:2.5em;box-sizing:border-box;border-radius:50%;border-width:3px;border-style:solid;border-color:#444 transparent #444 transparent;-webkit-animation:rotate-jsx-4062756133 0.5s linear infinite;animation:rotate-jsx-4062756133 0.5s linear infinite;-webkit-transition:opacity 0.2s;transition:opacity 0.2s;}.loading.jsx-4062756133{opacity:1;mix-blend-mode:color-burn;}",
          "styleId": "4062756133",
        },
        "ref": null,
        "rendered": null,
        "type": [Function],
      },
      "type": "div",
    },
  ],
  Symbol(enzyme.__options__): Object {
    "adapter": ReactSixteenAdapter {
      "options": Object {
        "enableComponentDidUpdateOnSetState": true,
        "lifecycles": Object {
          "componentDidUpdate": Object {
            "onSetState": true,
          },
          "getDerivedStateFromProps": true,
          "getSnapshotBeforeUpdate": true,
          "setState": Object {
            "skipsComponentDidUpdateOnNullish": true,
          },
        },
      },
    },
    "attachTo": undefined,
    "hydrateIn": undefined,
  },
}
`;
